// Jest Snapshot v1, https://goo.gl/fbAQLP

exports[`Menu should match the snapshot 1`] = `
ShallowWrapper {
  Symbol(enzyme.__root__): [Circular],
  Symbol(enzyme.__unrendered__): <Menu
    currentSelection="People"
  />,
  Symbol(enzyme.__renderer__): Object {
    "batchedUpdates": [Function],
    "getNode": [Function],
    "render": [Function],
    "simulateError": [Function],
    "simulateEvent": [Function],
    "unmount": [Function],
  },
  Symbol(enzyme.__node__): Object {
    "instance": null,
    "key": undefined,
    "nodeType": "host",
    "props": Object {
      "children": Array [
        <label
          htmlFor="menu-toggler"
        >
          <h3>
            $
          </h3>
          <input
            className="menu-toggler"
            id="menu-toggler"
            type="checkbox"
          />
          <ul>
            <Button
              favorites={Array []}
              name="vehicles"
            />
            <Button
              favorites={Array []}
              name="People"
            />
            <Button
              favorites={Array []}
              name="Planets"
            />
            <Button
              name="Favorites"
            />
          </ul>
        </label>,
        <div
          className="orbit orbit1"
        />,
        <div
          className="orbit orbit2"
        />,
        <div
          className="orbit orbit3"
        />,
        <div
          className="orbit orbit4"
        />,
      ],
      "className": "nav",
    },
    "ref": null,
    "rendered": Array [
      Object {
        "instance": null,
        "key": undefined,
        "nodeType": "host",
        "props": Object {
          "children": Array [
            <h3>
              $
            </h3>,
            <input
              className="menu-toggler"
              id="menu-toggler"
              type="checkbox"
            />,
            <ul>
              <Button
                favorites={Array []}
                name="vehicles"
              />
              <Button
                favorites={Array []}
                name="People"
              />
              <Button
                favorites={Array []}
                name="Planets"
              />
              <Button
                name="Favorites"
              />
            </ul>,
          ],
          "htmlFor": "menu-toggler",
        },
        "ref": null,
        "rendered": Array [
          Object {
            "instance": null,
            "key": undefined,
            "nodeType": "host",
            "props": Object {
              "children": "$",
            },
            "ref": null,
            "rendered": "$",
            "type": "h3",
          },
          Object {
            "instance": null,
            "key": undefined,
            "nodeType": "host",
            "props": Object {
              "className": "menu-toggler",
              "id": "menu-toggler",
              "type": "checkbox",
            },
            "ref": null,
            "rendered": null,
            "type": "input",
          },
          Object {
            "instance": null,
            "key": undefined,
            "nodeType": "host",
            "props": Object {
              "children": Array [
                <Button
                  favorites={Array []}
                  name="vehicles"
                />,
                <Button
                  favorites={Array []}
                  name="People"
                />,
                <Button
                  favorites={Array []}
                  name="Planets"
                />,
                <Button
                  name="Favorites"
                />,
              ],
            },
            "ref": null,
            "rendered": Array [
              Object {
                "instance": null,
                "key": undefined,
                "nodeType": "function",
                "props": Object {
                  "favorites": Array [],
                  "name": "vehicles",
                },
                "ref": null,
                "rendered": null,
                "type": [Function],
              },
              Object {
                "instance": null,
                "key": undefined,
                "nodeType": "function",
                "props": Object {
                  "favorites": Array [],
                  "name": "People",
                },
                "ref": null,
                "rendered": null,
                "type": [Function],
              },
              Object {
                "instance": null,
                "key": undefined,
                "nodeType": "function",
                "props": Object {
                  "favorites": Array [],
                  "name": "Planets",
                },
                "ref": null,
                "rendered": null,
                "type": [Function],
              },
              Object {
                "instance": null,
                "key": undefined,
                "nodeType": "function",
                "props": Object {
                  "favorites": undefined,
                  "name": "Favorites",
                },
                "ref": null,
                "rendered": null,
                "type": [Function],
              },
            ],
            "type": "ul",
          },
        ],
        "type": "label",
      },
      Object {
        "instance": null,
        "key": undefined,
        "nodeType": "host",
        "props": Object {
          "className": "orbit orbit1",
        },
        "ref": null,
        "rendered": null,
        "type": "div",
      },
      Object {
        "instance": null,
        "key": undefined,
        "nodeType": "host",
        "props": Object {
          "className": "orbit orbit2",
        },
        "ref": null,
        "rendered": null,
        "type": "div",
      },
      Object {
        "instance": null,
        "key": undefined,
        "nodeType": "host",
        "props": Object {
          "className": "orbit orbit3",
        },
        "ref": null,
        "rendered": null,
        "type": "div",
      },
      Object {
        "instance": null,
        "key": undefined,
        "nodeType": "host",
        "props": Object {
          "className": "orbit orbit4",
        },
        "ref": null,
        "rendered": null,
        "type": "div",
      },
    ],
    "type": "div",
  },
  Symbol(enzyme.__nodes__): Array [
    Object {
      "instance": null,
      "key": undefined,
      "nodeType": "host",
      "props": Object {
        "children": Array [
          <label
            htmlFor="menu-toggler"
          >
            <h3>
              $
            </h3>
            <input
              className="menu-toggler"
              id="menu-toggler"
              type="checkbox"
            />
            <ul>
              <Button
                favorites={Array []}
                name="vehicles"
              />
              <Button
                favorites={Array []}
                name="People"
              />
              <Button
                favorites={Array []}
                name="Planets"
              />
              <Button
                name="Favorites"
              />
            </ul>
          </label>,
          <div
            className="orbit orbit1"
          />,
          <div
            className="orbit orbit2"
          />,
          <div
            className="orbit orbit3"
          />,
          <div
            className="orbit orbit4"
          />,
        ],
        "className": "nav",
      },
      "ref": null,
      "rendered": Array [
        Object {
          "instance": null,
          "key": undefined,
          "nodeType": "host",
          "props": Object {
            "children": Array [
              <h3>
                $
              </h3>,
              <input
                className="menu-toggler"
                id="menu-toggler"
                type="checkbox"
              />,
              <ul>
                <Button
                  favorites={Array []}
                  name="vehicles"
                />
                <Button
                  favorites={Array []}
                  name="People"
                />
                <Button
                  favorites={Array []}
                  name="Planets"
                />
                <Button
                  name="Favorites"
                />
              </ul>,
            ],
            "htmlFor": "menu-toggler",
          },
          "ref": null,
          "rendered": Array [
            Object {
              "instance": null,
              "key": undefined,
              "nodeType": "host",
              "props": Object {
                "children": "$",
              },
              "ref": null,
              "rendered": "$",
              "type": "h3",
            },
            Object {
              "instance": null,
              "key": undefined,
              "nodeType": "host",
              "props": Object {
                "className": "menu-toggler",
                "id": "menu-toggler",
                "type": "checkbox",
              },
              "ref": null,
              "rendered": null,
              "type": "input",
            },
            Object {
              "instance": null,
              "key": undefined,
              "nodeType": "host",
              "props": Object {
                "children": Array [
                  <Button
                    favorites={Array []}
                    name="vehicles"
                  />,
                  <Button
                    favorites={Array []}
                    name="People"
                  />,
                  <Button
                    favorites={Array []}
                    name="Planets"
                  />,
                  <Button
                    name="Favorites"
                  />,
                ],
              },
              "ref": null,
              "rendered": Array [
                Object {
                  "instance": null,
                  "key": undefined,
                  "nodeType": "function",
                  "props": Object {
                    "favorites": Array [],
                    "name": "vehicles",
                  },
                  "ref": null,
                  "rendered": null,
                  "type": [Function],
                },
                Object {
                  "instance": null,
                  "key": undefined,
                  "nodeType": "function",
                  "props": Object {
                    "favorites": Array [],
                    "name": "People",
                  },
                  "ref": null,
                  "rendered": null,
                  "type": [Function],
                },
                Object {
                  "instance": null,
                  "key": undefined,
                  "nodeType": "function",
                  "props": Object {
                    "favorites": Array [],
                    "name": "Planets",
                  },
                  "ref": null,
                  "rendered": null,
                  "type": [Function],
                },
                Object {
                  "instance": null,
                  "key": undefined,
                  "nodeType": "function",
                  "props": Object {
                    "favorites": undefined,
                    "name": "Favorites",
                  },
                  "ref": null,
                  "rendered": null,
                  "type": [Function],
                },
              ],
              "type": "ul",
            },
          ],
          "type": "label",
        },
        Object {
          "instance": null,
          "key": undefined,
          "nodeType": "host",
          "props": Object {
            "className": "orbit orbit1",
          },
          "ref": null,
          "rendered": null,
          "type": "div",
        },
        Object {
          "instance": null,
          "key": undefined,
          "nodeType": "host",
          "props": Object {
            "className": "orbit orbit2",
          },
          "ref": null,
          "rendered": null,
          "type": "div",
        },
        Object {
          "instance": null,
          "key": undefined,
          "nodeType": "host",
          "props": Object {
            "className": "orbit orbit3",
          },
          "ref": null,
          "rendered": null,
          "type": "div",
        },
        Object {
          "instance": null,
          "key": undefined,
          "nodeType": "host",
          "props": Object {
            "className": "orbit orbit4",
          },
          "ref": null,
          "rendered": null,
          "type": "div",
        },
      ],
      "type": "div",
    },
  ],
  Symbol(enzyme.__options__): Object {
    "adapter": ReactSixteenAdapter {
      "options": Object {
        "enableComponentDidUpdateOnSetState": true,
        "lifecycles": Object {
          "componentDidUpdate": Object {
            "onSetState": true,
          },
          "getDerivedStateFromProps": true,
          "getSnapshotBeforeUpdate": true,
          "setState": Object {
            "skipsComponentDidUpdateOnNullish": true,
          },
        },
      },
    },
  },
}
`;
